[33mÔØ»[39m Building...
[32mÔ£ö[39m Building...
Application bundle generation failed. [6.682 seconds] - 2026-02-21T07:05:14.504Z

npx : [1m[33m[33mÔû▓ [43
;33m[[43;30mWARNING[43;33m
][0m [1mNG8107: The left 
side of this optional chain 
operation does not include 
'null' or 'undefined' in 
its type, therefore the 
'?.' operator can be 
replaced with the '.' 
operator.[0m 
[1m[35m[plugin 
angular-compiler][0m
Au caractère Ligne:1 : 1
+ npx ng build > 
build_error.log 2>&1
+ ~~~~~~~~~~~~~~~~~~~~~~~~~~
~~~~~~~~~
    + CategoryInfo          
    : NotSpecified: ([1m  
  [33m[33mÔ...r-compiler   
 ][0m:String) [], Remot    
eException
    + FullyQualifiedErrorId 
    : NativeCommandError
 

    src/app/features/orders/
my-orders.component.html:77:
61:
[37m      77 Ôöé 
..."info-value">{{ order.ite
ms?.[32mlength[37m || 0 
}} article(s) de {{ or...
         ÔòÁ                
                 
[32m~~~~~~[0m

  Warning occurs in the 
template of component 
MyOrdersComponent.

    src/app/features/orders/
my-orders.component.ts:18:17
:
[37m      18 Ôöé     
templateUrl: [32m'./my-orde
rs.component.html'[37m,
         ÔòÁ                
  [32m~~~~~~~~~~~~~~~~~~~~~
~~~~~~~[0m


[33mÔû▓ [43;33m[[43;30mWA
RNING[43;33m][0m 
[1mNG8107: The left side 
of this optional chain 
operation does not include 
'null' or 'undefined' in 
its type, therefore the 
'?.' operator can be 
replaced with the '.' 
operator.[0m 
[1m[35m[plugin 
angular-compiler][0m

    src/app/features/orders/
my-orders.component.html:77:
111:
[37m      77 Ôöé 
...items?.length || 0 }} 
article(s) de {{ order.shopO
rders?.[32mlength[37m ||
         ÔòÁ                
                            
                 
[32m~~~~~~[0m

  Warning occurs in the 
template of component 
MyOrdersComponent.

    src/app/features/orders/
my-orders.component.ts:18:17
:
[37m      18 Ôöé     
templateUrl: [32m'./my-orde
rs.component.html'[37m,
         ÔòÁ                
  [32m~~~~~~~~~~~~~~~~~~~~~
~~~~~~~[0m

[39m[22m
[1m[31m[31mX [41;31m[[4
1;97mERROR[41;31m][0m 
[1mTS2341: Property 
'router' is private and 
only accessible within 
class 
'MyOrdersComponent'.[0m 
[1m[35m[plugin 
angular-compiler][0m

    src/app/features/orders/
my-orders.component.html:56:
50:
[37m      56 Ôöé ...ton 
class="btn btn--primary" (cl
ick)="[32mrouter[37m.navig
ate(['/home'])">
         ÔòÁ                
                          
[32m~~~~~~[0m

  Error occurs in the 
template of component 
MyOrdersComponent.

    src/app/features/orders/
my-orders.component.ts:18:17
:
[37m      18 Ôöé     
templateUrl: [32m'./my-orde
rs.component.html'[37m,
         ÔòÁ                
  [32m~~~~~~~~~~~~~~~~~~~~~
~~~~~~~[0m

[39m[22m
